#-----------------------------------------------------------
# Vivado v2019.2 (64-bit)
# SW Build 2708876 on Wed Nov  6 21:39:14 MST 2019
# IP Build 2700528 on Thu Nov  7 00:09:20 MST 2019
# Start of session at: Thu Dec  3 19:01:30 2020
# Process ID: 15137
# Current directory: /home/s1820419/LDPC_MinorResearch/GeneratedDecoders/204.33.486/RTL/BSP/DecodingProcessControl/vivado/fsm_communication/fsm_communication.runs/impl_1
# Command line: vivado -log sys_control_unit.vdi -applog -product Vivado -messageDb vivado.pb -mode batch -source sys_control_unit.tcl -notrace
# Log file: /home/s1820419/LDPC_MinorResearch/GeneratedDecoders/204.33.486/RTL/BSP/DecodingProcessControl/vivado/fsm_communication/fsm_communication.runs/impl_1/sys_control_unit.vdi
# Journal file: /home/s1820419/LDPC_MinorResearch/GeneratedDecoders/204.33.486/RTL/BSP/DecodingProcessControl/vivado/fsm_communication/fsm_communication.runs/impl_1/vivado.jou
#-----------------------------------------------------------
source sys_control_unit.tcl -notrace
