#-----------------------------------------------------------
# Webtalk v2018.3 (64-bit)
# SW Build 2405991 on Thu Dec  6 23:36:41 MST 2018
# IP Build 2404404 on Fri Dec  7 01:43:56 MST 2018
# Start of session at: Mon Oct 26 20:50:41 2020
# Process ID: 8505
# Current directory: /mnt/fs800/home/s1610105/Documents/research/Doctor/LDPC_MinorResearch/DecodingProcessControl/vivado/fsm_communication/fsm_communication.sim/sim_1/behav/xsim
# Command line: wbtcv -mode batch -source /mnt/fs800/home/s1610105/Documents/research/Doctor/LDPC_MinorResearch/DecodingProcessControl/vivado/fsm_communication/fsm_communication.sim/sim_1/behav/xsim/xsim.dir/cnu_wr_update_handshake_tb_behav/webtalk/xsim_webtalk.tcl -notrace
# Log file: /mnt/fs800/home/s1610105/Documents/research/Doctor/LDPC_MinorResearch/DecodingProcessControl/vivado/fsm_communication/fsm_communication.sim/sim_1/behav/xsim/webtalk.log
# Journal file: /mnt/fs800/home/s1610105/Documents/research/Doctor/LDPC_MinorResearch/DecodingProcessControl/vivado/fsm_communication/fsm_communication.sim/sim_1/behav/xsim/webtalk.jou
#-----------------------------------------------------------
source /mnt/fs800/home/s1610105/Documents/research/Doctor/LDPC_MinorResearch/DecodingProcessControl/vivado/fsm_communication/fsm_communication.sim/sim_1/behav/xsim/xsim.dir/cnu_wr_update_handshake_tb_behav/webtalk/xsim_webtalk.tcl -notrace
